<?xml version="1.0" encoding="UTF-8"?>
<TestRun id="88433ab5-c33a-4856-8afd-cf79512be601" name="Student@10266A-GEN-DEV 2022-06-29 01:27:29" runUser="10266A-GEN-DEV\Student" xmlns="http://microsoft.com/schemas/VisualStudio/TeamTest/2010">
  <TestSettings name="Local" id="1ef29e91-e135-4eb5-9002-25401c6e16cd">
    <Description>These are default test settings for a local test run.</Description>
    <Deployment enabled="false" runDeploymentRoot="Student_10266A-GEN-DEV 2022-06-29 01_27_29">
      <DeploymentItem filename="E:\Labfiles\Lab 5\Ex1\Starter\FileEditor\bin\Debug\FileEditor.exe" />
    </Deployment>
    <Execution>
      <TestTypeSpecific />
      <AgentRule name="Execution Agents">
      </AgentRule>
    </Execution>
  </TestSettings>
  <Times creation="2022-06-29T01:27:29.2485781-07:00" queuing="2022-06-29T01:27:29.3686953-07:00" start="2022-06-29T01:27:29.3950624-07:00" finish="2022-06-29T01:27:29.5327578-07:00" />
  <ResultSummary outcome="Failed">
    <Counters total="1" executed="1" error="0" failed="1" timeout="0" aborted="0" inconclusive="0" passedButRunAborted="0" notRunnable="0" notExecuted="0" disconnected="0" warning="0" passed="0" completed="0" inProgress="0" pending="0" />
  </ResultSummary>
  <TestDefinitions>
    <UnitTest name="ReadTextFileContentsTest1" storage="e:\labfiles\lab 5\ex1\starter\editor unit test project\bin\debug\module 5 unit test project.dll" id="7709e993-75d2-0164-dc05-155e9150d775">
      <Execution id="84fa51d4-21d9-4871-a8d3-84cbbc7c609b" />
      <TestMethod codeBase="E:/Labfiles/Lab 5/Ex1/Starter/Editor Unit Test Project/bin/Debug/Module 5 Unit Test Project.DLL" adapterTypeName="Microsoft.VisualStudio.TestTools.TestTypes.Unit.UnitTestAdapter, Microsoft.VisualStudio.QualityTools.Tips.UnitTest.Adapter, Version=10.0.0.0, Culture=neutral, PublicKeyToken=b03f5f7f11d50a3a" className="Lab5UnitTests.TextFileOperationsTest, Module 5 Unit Test Project, Version=1.0.0.0, Culture=neutral, PublicKeyToken=null" name="ReadTextFileContentsTest1" />
    </UnitTest>
  </TestDefinitions>
  <TestLists>
    <TestList name="Results Not in a List" id="8c84fa94-04c1-424b-9868-57a2d4851a1d" />
    <TestList name="All Loaded Results" id="19431567-8539-422a-85d7-44ee4e166bda" />
  </TestLists>
  <TestEntries>
    <TestEntry testId="7709e993-75d2-0164-dc05-155e9150d775" executionId="84fa51d4-21d9-4871-a8d3-84cbbc7c609b" testListId="8c84fa94-04c1-424b-9868-57a2d4851a1d" />
  </TestEntries>
  <Results>
    <UnitTestResult executionId="84fa51d4-21d9-4871-a8d3-84cbbc7c609b" testId="7709e993-75d2-0164-dc05-155e9150d775" testName="ReadTextFileContentsTest1" computerName="10266A-GEN-DEV" duration="00:00:00.0179139" startTime="2022-06-29T01:27:29.3979921-07:00" endTime="2022-06-29T01:27:29.5190859-07:00" testType="13cdc9d9-ddb5-4fa4-a97d-d965ccfc6d4b" outcome="Failed" testListId="8c84fa94-04c1-424b-9868-57a2d4851a1d" relativeResultsDirectory="84fa51d4-21d9-4871-a8d3-84cbbc7c609b">
      <Output>
        <ErrorInfo>
          <Message>Assert.AreEqual failed. Expected:&lt;Move(9.23,78)
Rotate(65.3)
Wait(10)
Move(1,1)
&gt;. Actual:&lt;(null)&gt;. </Message>
          <StackTrace>   at Lab5UnitTests.TextFileOperationsTest.ReadTextFileContentsTest1() in E:\Labfiles\Lab 5\Ex1\Starter\Editor Unit Test Project\TextFileOperationsTest.cs:line 75
</StackTrace>
        </ErrorInfo>
      </Output>
    </UnitTestResult>
  </Results>
</TestRun>