<?xml version="1.0" encoding="UTF-8"?>
<TestRun id="aacb34f4-b31d-40fb-9d0c-1d4a6bf92771" name="Student@10266A-GEN-DEV 2022-06-29 01:27:32" runUser="10266A-GEN-DEV\Student" xmlns="http://microsoft.com/schemas/VisualStudio/TeamTest/2010">
  <TestSettings name="Local" id="1ef29e91-e135-4eb5-9002-25401c6e16cd">
    <Description>These are default test settings for a local test run.</Description>
    <Deployment enabled="false" runDeploymentRoot="Student_10266A-GEN-DEV 2022-06-29 01_27_32">
      <DeploymentItem filename="E:\Labfiles\Lab 5\Ex1\Starter\FileEditor\bin\Debug\FileEditor.exe" />
    </Deployment>
    <Execution>
      <TestTypeSpecific />
      <AgentRule name="Execution Agents">
      </AgentRule>
    </Execution>
  </TestSettings>
  <Times creation="2022-06-29T01:27:32.6626406-07:00" queuing="2022-06-29T01:27:32.6655703-07:00" start="2022-06-29T01:27:32.6909609-07:00" finish="2022-06-29T01:27:32.8130312-07:00" />
  <ResultSummary outcome="Failed">
    <Counters total="1" executed="1" error="0" failed="1" timeout="0" aborted="0" inconclusive="0" passedButRunAborted="0" notRunnable="0" notExecuted="0" disconnected="0" warning="0" passed="0" completed="0" inProgress="0" pending="0" />
  </ResultSummary>
  <TestDefinitions>
    <UnitTest name="WriteTextFileContentsTest1" storage="e:\labfiles\lab 5\ex1\starter\editor unit test project\bin\debug\module 5 unit test project.dll" id="aeed1db2-fd47-7bf7-a72e-4f6538c0a550">
      <Execution id="51b4ca0a-8801-469d-bfce-7bc18e3e820d" />
      <TestMethod codeBase="E:/Labfiles/Lab 5/Ex1/Starter/Editor Unit Test Project/bin/Debug/Module 5 Unit Test Project.DLL" adapterTypeName="Microsoft.VisualStudio.TestTools.TestTypes.Unit.UnitTestAdapter, Microsoft.VisualStudio.QualityTools.Tips.UnitTest.Adapter, Version=10.0.0.0, Culture=neutral, PublicKeyToken=b03f5f7f11d50a3a" className="Lab5UnitTests.TextFileOperationsTest, Module 5 Unit Test Project, Version=1.0.0.0, Culture=neutral, PublicKeyToken=null" name="WriteTextFileContentsTest1" />
    </UnitTest>
  </TestDefinitions>
  <TestLists>
    <TestList name="Results Not in a List" id="8c84fa94-04c1-424b-9868-57a2d4851a1d" />
    <TestList name="All Loaded Results" id="19431567-8539-422a-85d7-44ee4e166bda" />
  </TestLists>
  <TestEntries>
    <TestEntry testId="aeed1db2-fd47-7bf7-a72e-4f6538c0a550" executionId="51b4ca0a-8801-469d-bfce-7bc18e3e820d" testListId="8c84fa94-04c1-424b-9868-57a2d4851a1d" />
  </TestEntries>
  <Results>
    <UnitTestResult executionId="51b4ca0a-8801-469d-bfce-7bc18e3e820d" testId="aeed1db2-fd47-7bf7-a72e-4f6538c0a550" testName="WriteTextFileContentsTest1" computerName="10266A-GEN-DEV" duration="00:00:00.0174949" startTime="2022-06-29T01:27:32.6743593-07:00" endTime="2022-06-29T01:27:32.8013124-07:00" testType="13cdc9d9-ddb5-4fa4-a97d-d965ccfc6d4b" outcome="Failed" testListId="8c84fa94-04c1-424b-9868-57a2d4851a1d" relativeResultsDirectory="51b4ca0a-8801-469d-bfce-7bc18e3e820d">
      <Output>
        <ErrorInfo>
          <Message>Test method Lab5UnitTests.TextFileOperationsTest.WriteTextFileContentsTest1 threw exception: 
System.IO.FileNotFoundException: Could not find file 'E:\Labfiles\Lab 5\Ex1\Starter\WriteTest.txt'.</Message>
          <StackTrace>    at System.IO.__Error.WinIOError(Int32 errorCode, String maybeFullPath)
   at System.IO.FileStream.Init(String path, FileMode mode, FileAccess access, Int32 rights, Boolean useRights, FileShare share, Int32 bufferSize, FileOptions options, SECURITY_ATTRIBUTES secAttrs, String msgPath, Boolean bFromProxy, Boolean useLongPath, Boolean checkHost)
   at System.IO.FileStream..ctor(String path, FileMode mode, FileAccess access, FileShare share, Int32 bufferSize, FileOptions options, String msgPath, Boolean bFromProxy, Boolean useLongPath, Boolean checkHost)
   at System.IO.StreamReader..ctor(String path, Encoding encoding, Boolean detectEncodingFromByteOrderMarks, Int32 bufferSize, Boolean checkHost)
   at System.IO.File.InternalReadAllText(String path, Encoding encoding, Boolean checkHost)
   at System.IO.File.ReadAllText(String path)
   at Lab5UnitTests.TextFileOperationsTest.WriteTextFileContentsTest1() in E:\Labfiles\Lab 5\Ex1\Starter\Editor Unit Test Project\TextFileOperationsTest.cs:line 87
</StackTrace>
        </ErrorInfo>
      </Output>
    </UnitTestResult>
  </Results>
</TestRun>